### Result
{"results":[{"slide":1,"viewport":[1920,1080],"slideSize":[880,560],"boxes":0,"textRuns":3,"minimumPadding":null,"connectors":0,"issues":[]},{"slide":2,"viewport":[1920,1080],"slideSize":[880,560],"boxes":0,"textRuns":6,"minimumPadding":null,"connectors":0,"issues":[]},{"slide":3,"viewport":[1920,1080],"slideSize":[880,838.25],"boxes":12,"textRuns":17,"minimumPadding":9,"connectors":0,"issues":[]},{"slide":4,"viewport":[1920,1080],"slideSize":[880,560],"boxes":0,"textRuns":5,"minimumPadding":null,"connectors":0,"issues":[]},{"slide":5,"viewport":[1920,1080],"slideSize":[880,560],"boxes":0,"textRuns":6,"minimumPadding":null,"connectors":0,"issues":[]},{"slide":6,"viewport":[1920,1080],"slideSize":[880,560],"boxes":0,"textRuns":6,"minimumPadding":null,"connectors":0,"issues":[]},{"slide":7,"viewport":[1920,1080],"slideSize":[880,560],"boxes":0,"textRuns":6,"minimumPadding":null,"connectors":0,"issues":[]},{"slide":8,"viewport":[1920,1080],"slideSize":[880,560],"boxes":0,"textRuns":7,"minimumPadding":null,"connectors":0,"issues":[]},{"slide":9,"viewport":[1920,1080],"slideSize":[880,560],"boxes":0,"textRuns":7,"minimumPadding":null,"connectors":0,"issues":[]},{"slide":10,"viewport":[1920,1080],"slideSize":[880,562],"boxes":0,"textRuns":8,"minimumPadding":null,"connectors":0,"issues":[]},{"slide":11,"viewport":[1920,1080],"slideSize":[880,560],"boxes":0,"textRuns":5,"minimumPadding":null,"connectors":0,"issues":[]},{"slide":12,"viewport":[1920,1080],"slideSize":[880,560],"boxes":0,"textRuns":5,"minimumPadding":null,"connectors":0,"issues":[]},{"slide":13,"viewport":[1920,1080],"slideSize":[880,560],"boxes":0,"textRuns":6,"minimumPadding":null,"connectors":0,"issues":[]},{"slide":14,"viewport":[1920,1080],"slideSize":[880,560],"boxes":0,"textRuns":5,"minimumPadding":null,"connectors":0,"issues":[]},{"slide":1,"viewport":[1440,1200],"slideSize":[881.625,560],"boxes":0,"textRuns":3,"minimumPadding":null,"connectors":0,"issues":[]},{"slide":2,"viewport":[1440,1200],"slideSize":[881.625,560],"boxes":0,"textRuns":6,"minimumPadding":null,"connectors":0,"issues":[]},{"slide":3,"viewport":[1440,1200],"slideSize":[881.625,838.25],"boxes":12,"textRuns":17,"minimumPadding":9,"connectors":0,"issues":[]},{"slide":4,"viewport":[1440,1200],"slideSize":[881.625,560],"boxes":0,"textRuns":5,"minimumPadding":null,"connectors":0,"issues":[]},{"slide":5,"viewport":[1440,1200],"slideSize":[881.625,560],"boxes":0,"textRuns":5,"minimumPadding":null,"connectors":0,"issues":[]},{"slide":6,"viewport":[1440,1200],"slideSize":[881.625,560],"boxes":0,"textRuns":6,"minimumPadding":null,"connectors":0,"issues":[]},{"slide":7,"viewport":[1440,1200],"slideSize":[881.625,560],"boxes":0,"textRuns":6,"minimumPadding":null,"connectors":0,"issues":[]},{"slide":8,"viewport":[1440,1200],"slideSize":[881.625,560],"boxes":0,"textRuns":7,"minimumPadding":null,"connectors":0,"issues":[]},{"slide":9,"viewport":[1440,1200],"slideSize":[881.625,560],"boxes":0,"textRuns":7,"minimumPadding":null,"connectors":0,"issues":[]},{"slide":10,"viewport":[1440,1200],"slideSize":[881.625,560],"boxes":0,"textRuns":7,"minimumPadding":null,"connectors":0,"issues":[]},{"slide":11,"viewport":[1440,1200],"slideSize":[881.625,560],"boxes":0,"textRuns":5,"minimumPadding":null,"connectors":0,"issues":[]},{"slide":12,"viewport":[1440,1200],"slideSize":[881.625,560],"boxes":0,"textRuns":5,"minimumPadding":null,"connectors":0,"issues":[]},{"slide":13,"viewport":[1440,1200],"slideSize":[881.625,560],"boxes":0,"textRuns":6,"minimumPadding":null,"connectors":0,"issues":[]},{"slide":14,"viewport":[1440,1200],"slideSize":[881.625,560],"boxes":0,"textRuns":5,"minimumPadding":null,"connectors":0,"issues":[]},{"slide":1,"viewport":[390,1200],"slideSize":[336,380],"boxes":0,"textRuns":4,"minimumPadding":null,"connectors":0,"issues":[]},{"slide":2,"viewport":[390,1200],"slideSize":[336,380],"boxes":0,"textRuns":10,"minimumPadding":null,"connectors":0,"issues":[]},{"slide":3,"viewport":[390,1200],"slideSize":[336,863.546875],"boxes":12,"textRuns":29,"minimumPadding":9,"connectors":0,"issues":[]},{"slide":4,"viewport":[390,1200],"slideSize":[336,380],"boxes":0,"textRuns":9,"minimumPadding":null,"connectors":0,"issues":[]},{"slide":5,"viewport":[390,1200],"slideSize":[336,380],"boxes":0,"textRuns":10,"minimumPadding":null,"connectors":0,"issues":[]},{"slide":6,"viewport":[390,1200],"slideSize":[336,380],"boxes":0,"textRuns":10,"minimumPadding":null,"connectors":0,"issues":[]},{"slide":7,"viewport":[390,1200],"slideSize":[336,392.59375],"boxes":0,"textRuns":11,"minimumPadding":null,"connectors":0,"issues":[]},{"slide":8,"viewport":[390,1200],"slideSize":[336,449.28125],"boxes":0,"textRuns":13,"minimumPadding":null,"connectors":0,"issues":[]},{"slide":9,"viewport":[390,1200],"slideSize":[336,391.671875],"boxes":0,"textRuns":11,"minimumPadding":null,"connectors":0,"issues":[]},{"slide":10,"viewport":[390,1200],"slideSize":[336,473.578125],"boxes":0,"textRuns":14,"minimumPadding":null,"connectors":0,"issues":[]},{"slide":11,"viewport":[390,1200],"slideSize":[336,380],"boxes":0,"textRuns":10,"minimumPadding":null,"connectors":0,"issues":[]},{"slide":12,"viewport":[390,1200],"slideSize":[336,380],"boxes":0,"textRuns":10,"minimumPadding":null,"connectors":0,"issues":[]},{"slide":13,"viewport":[390,1200],"slideSize":[336,380],"boxes":0,"textRuns":10,"minimumPadding":null,"connectors":0,"issues":[]},{"slide":14,"viewport":[390,1200],"slideSize":[336,380],"boxes":0,"textRuns":9,"minimumPadding":null,"connectors":0,"issues":[]}],"errors":[]}
### Ran Playwright code
```js
await (async (page) => {
  const errors = [];
  page.on('pageerror', e => errors.push(e.message));
  page.on('console', m => { if (m.type() === 'error') errors.push(m.text()); });
  const results = [];
  const url = 'http://127.0.0.1:8768/output/site/elearning/part-05/contract-negotiation-basics/';
  for (const width of [1920, 1440, 390]) {
    await page.setViewportSize({width, height: width === 1920 ? 1080 : 1200});
    await page.goto(url + '?qa=' + Date.now() + '-' + width);
    for (let n = 1; n <= 14; n += 1) {
      await page.locator('.slide-jump').nth(n - 1).click();
      const qa = await page.evaluate(() => {
        const issues = [], tolerance = 1.5;
        const slide = document.querySelector('.slide');
        const sr = slide.getBoundingClientRect();
        const boxes = Array.from(slide.querySelectorAll('th, td'));
        const textRuns = [];
        const walker = document.createTreeWalker(slide, NodeFilter.SHOW_TEXT);
        while (walker.nextNode()) {
          const node = walker.currentNode;
          if (!node.textContent.trim()) continue;
          const range = document.createRange();
          range.selectNodeContents(node);
          for (const rect of range.getClientRects()) {
            if (rect.width && rect.height) textRuns.push({node, rect});
          }
        }
        let minimumPadding = Infinity;
        for (const {node, rect} of textRuns) {
          if (rect.left < sr.left - tolerance || rect.right > sr.right + tolerance ||
              rect.top < sr.top - tolerance || rect.bottom > sr.bottom + tolerance) {
            issues.push('text outside slide: ' + node.textContent.trim().slice(0, 60));
          }
        }
        for (const box of boxes) {
          const br = box.getBoundingClientRect(), style = getComputedStyle(box);
          if (box.scrollWidth > box.clientWidth + tolerance || box.scrollHeight > box.clientHeight + tolerance) {
            issues.push('table cell overflow: ' + box.textContent.trim().slice(0, 60));
          }
          for (const {node, rect} of textRuns) {
            if (box.contains(node)) {
              minimumPadding = Math.min(minimumPadding, rect.left - br.left, br.right - rect.right,
                rect.top - br.top, br.bottom - rect.bottom);
              if (rect.left < br.left + parseFloat(style.paddingLeft) - tolerance ||
                  rect.right > br.right - parseFloat(style.paddingRight) + tolerance ||
                  rect.top < br.top + parseFloat(style.paddingTop) - tolerance ||
                  rect.bottom > br.bottom - parseFloat(style.paddingBottom) + tolerance) {
                issues.push('table text lacks padding: ' + node.textContent.trim().slice(0, 60));
              }
            } else if (Math.min(rect.right, br.right) - Math.max(rect.left, br.left) > tolerance &&
                       Math.min(rect.bottom, br.bottom) - Math.max(rect.top, br.top) > tolerance) {
              issues.push('table cell obscures external text: ' + node.textContent.trim().slice(0, 60));
            }
          }
        }
        for (let i = 0; i < boxes.length; i += 1) for (let j = i + 1; j < boxes.length; j += 1) {
          const a = boxes[i].getBoundingClientRect(), b = boxes[j].getBoundingClientRect();
          if (Math.min(a.right, b.right) - Math.max(a.left, b.left) > tolerance &&
              Math.min(a.bottom, b.bottom) - Math.max(a.top, b.top) > tolerance) issues.push('unrelated table cells overlap');
        }
        if (slide.scrollWidth > slide.clientWidth + tolerance || slide.scrollHeight > slide.clientHeight + tolerance) issues.push('slide overflow');
        if (document.documentElement.scrollWidth > innerWidth + tolerance) issues.push('horizontal page overflow');
        if (boxes.length && minimumPadding < 4) issues.push('insufficient visible cell padding');
        return {viewport: [innerWidth, innerHeight], slideSize: [sr.width, sr.height], boxes: boxes.length,
          textRuns: textRuns.length, minimumPadding: boxes.length ? minimumPadding : null,
          connectors: slide.querySelectorAll('svg path, svg line, .dg-arrow').length, issues};
      });
      if (n === 3) await page.locator('.slide').screenshot({path: 'output/playwright/contract-clause-' + width + '.png'});
      results.push({slide: n, ...qa});
    }
  }
  return {results, errors};
})(page);
```
### Page
- Page URL: http://127.0.0.1:8768/output/site/elearning/part-05/contract-negotiation-basics/?qa=1790550541456-390
- Page Title: Contract Negotiation Basics
- Console: 0 errors, 2 warnings
### Events
- New console entries: .playwright-cli/console-2026-09-27T23-06-49-169Z.log#L9-L14
